../Core/Src/main.c:96:6:LED_Wyswietl_0	8	static
../Core/Src/main.c:102:6:LED_Wyswietl_1	8	static
../Core/Src/main.c:108:6:LED_Wyswietl_2	8	static
../Core/Src/main.c:115:6:LED_Wyswietl_3	8	static
../Core/Src/main.c:121:6:LED_Wyswietl_4	8	static
../Core/Src/main.c:128:6:LED_Wyswietl_5	8	static
../Core/Src/main.c:135:6:LED_Wyswietl_6	8	static
../Core/Src/main.c:141:6:LED_Wyswietl_7	8	static
../Core/Src/main.c:147:6:LED_Wyswietl_8	8	static
../Core/Src/main.c:152:6:LED_Wyswietl_9	8	static
../Core/Src/main.c:158:6:LED_Wyswietl_Cyfre	16	static
../Core/Src/main.c:177:6:grove_lcd_cmd	32	static
../Core/Src/main.c:183:6:grove_lcd_data	32	static
../Core/Src/main.c:188:6:grove_lcd_init	8	static
../Core/Src/main.c:199:6:grove_lcd_send_string	16	static
../Core/Src/main.c:205:6:grove_lcd_put_cur	24	static
../Core/Src/main.c:210:9:Oblicz_Dzien_Tygodnia	24	static
../Core/Src/main.c:225:5:main	48	static
../Core/Src/main.c:538:6:SystemClock_Config	96	static
../Core/Src/main.c:584:13:MX_I2C1_Init	8	static
../Core/Src/main.c:629:13:MX_RTC_Init	32	static
../Core/Src/main.c:689:13:MX_GPIO_Init	40	static
../Core/Src/main.c:759:6:Error_Handler	4	static,ignoring_inline_asm
