../Core/Src/main.c:96:6:LED_Wyswietl_0	1
../Core/Src/main.c:102:6:LED_Wyswietl_1	1
../Core/Src/main.c:108:6:LED_Wyswietl_2	1
../Core/Src/main.c:115:6:LED_Wyswietl_3	1
../Core/Src/main.c:121:6:LED_Wyswietl_4	1
../Core/Src/main.c:128:6:LED_Wyswietl_5	1
../Core/Src/main.c:135:6:LED_Wyswietl_6	1
../Core/Src/main.c:141:6:LED_Wyswietl_7	1
../Core/Src/main.c:147:6:LED_Wyswietl_8	1
../Core/Src/main.c:152:6:LED_Wyswietl_9	1
../Core/Src/main.c:158:6:LED_Wyswietl_Cyfre	11
../Core/Src/main.c:177:6:grove_lcd_cmd	1
../Core/Src/main.c:183:6:grove_lcd_data	1
../Core/Src/main.c:188:6:grove_lcd_init	1
../Core/Src/main.c:199:6:grove_lcd_send_string	2
../Core/Src/main.c:205:6:grove_lcd_put_cur	2
../Core/Src/main.c:210:9:Oblicz_Dzien_Tygodnia	3
../Core/Src/main.c:225:5:main	107
../Core/Src/main.c:538:6:SystemClock_Config	4
../Core/Src/main.c:584:13:MX_I2C1_Init	4
../Core/Src/main.c:629:13:MX_RTC_Init	4
../Core/Src/main.c:689:13:MX_GPIO_Init	1
../Core/Src/main.c:759:6:Error_Handler	1
